     1                                  bits 32 ; assembling for the 32 bits architecture
     2                                  
     3                                  ; declare the EntryPoint (a label defining the very first instruction of the program)
     4                                  global start        
     5                                  
     6                                  ; declare external functions needed by our program
     7                                  extern exit               ; tell nasm that exit exists even if we won't be defining it
     8                                  import exit msvcrt.dll    ; exit is a function that ends the calling process. It is defined in msvcrt.dll
     9                                                            ; msvcrt.dll contains exit, printf and all the other important C-runtime specific functions
    10                                  
    11                                  ; our data is declared here (the variables needed by our program)
    12                                  segment data use32 class=data
    13                                      ; ... [(ad)+b]*2/c
    14                                      
    15 00000000 0A                          ad db 10
    16 00000001 05                          b db 5
    17 00000002 03                          c db 3
    18                                  
    19                                  ; our code starts here
    20                                  segment code use32 class=code
    21                                      start:
    22                                          ; ...
    23                                          
    24 00000000 668B1D[00000000]               mov bx,[ad]
    25 00000007 66031D[01000000]               add bx,[b]
    26 0000000E 66B80200                       mov ax,2
    27 00000012 66F7E3                         mul bx
    28                                         div [c]
    28          ******************       error: operation size not specified
    29                                          
    30                                          
    31                                      
    32                                          ; exit(0)
    33 00000015 6A00                            push    dword 0      ; push the parameter for exit onto the stack
    34 00000017 FF15[00000000]                  call    [exit]       ; call exit to terminate the program
